Linux version 2.6.32.9-test (root@alarm) (gcc version 4.7.1 20120721 (prerelease) (GCC) ) #4 Wed Aug 8 20:10:32 CEST 2012
CPU: ARM926EJ-S [41069265] revision 5 (ARMv5TEJ), cr=00053177
CPU: VIVT data cache, VIVT instruction cache
Machine: WMT
Memory policy: ECC disabled, Data cache writeback
On node 0 totalpages: 54784
free_area_init_node: node 0, pgdat c03f4b58, node_mem_map c043d000
  Normal zone: 428 pages used for memmap
  Normal zone: 0 pages reserved
  Normal zone: 54356 pages, LIFO batch:15
Built 1 zonelists in Zone order, mobility grouping on.  Total pages: 54356
Kernel command line: mem=214M root=/dev/mmcblk0p2 noinitrd rw rootfstype=ext3 rootdelay=1
PID hash table entries: 1024 (order: 0, 4096 bytes)
Dentry cache hash table entries: 32768 (order: 5, 131072 bytes)
Inode-cache hash table entries: 16384 (order: 4, 65536 bytes)
Memory: 214MB = 214MB total
Memory: 212608KB available (3644K code, 443K data, 112K init, 0K highmem)
Hierarchical RCU implementation.
NR_IRQS:128
start_kernel(): bug: interrupts were enabled early
Console: colour dummy device 80x30
console [tty0] enabled
Calibrating delay loop... 299.00 BogoMIPS (lpj=1495040)
Mount-cache hash table entries: 512
CPU: Testing write buffer coherency: ok
devtmpfs: initialized
NET: Registered protocol family 16
wmt_pci_init
PCI: WonderMidia Technology PCI Bridge
pci 0000:00:01.0: reg 10 io port: [0xd8008100-0xd8008107]
pci 0000:00:01.0: reg 14 io port: [0xd8008144-0xd8008147]
pci 0000:00:01.0: reg 20 io port: [0xd8008180-0xd800818f]
pci 0000:00:02.0: reg 10 io port: [0xd8004000-0xd80040ff]
pci 0000:00:02.0: reg 14 32bit mmio: [0xd8004000-0xd80040ff]
pci 0000:00:04.0: reg 10 32bit mmio: [0xd8007900-0xd80079ff]
pci 0000:00:05.0: reg 20 io port: [0xd8007b00-0xd8007b1f]
pci 0000:00:06.0: reg 20 io port: [0xd8008d00-0xd8008d1f]
PCI: bus0: Fast back to back transfers disabled
bio: create slab <bio-0> at 0
vgaarb: loaded
SCSI subsystem initialized
usbcore: registered new interface driver usbfs
usbcore: registered new interface driver hub
usbcore: registered new device driver usb
[WMT-MB] Preparing VIDEO BUFFER (SIZE 32768 kB) ...
[WMT-MB] MAX MB Area size: Max 4096 Kbs Min 256 Kbs
[WMT-MB] prob /dev/Memory Block major 242, minor 0
NET: Registered protocol family 2
IP route cache hash table entries: 2048 (order: 1, 8192 bytes)
TCP established hash table entries: 8192 (order: 4, 65536 bytes)
TCP bind hash table entries: 8192 (order: 3, 32768 bytes)
TCP: Hash tables configured (established 8192 bind 8192)
TCP reno registered
NET: Registered protocol family 1
ashmem: initialized
msgmni has been set to 415
alg: No test for stdrng (krng)
io scheduler noop registered
io scheduler anticipatory registered
io scheduler deadline registered
io scheduler cfq registered (default)
un-know id = 0xa13113
un-know id = 0xffffff
wmt sf controller initial ok
Creating 6 MTD partitions on "mtdsf device":
0x000000000000-0x000000d00000 : "filesystem-SF"
0x000000d00000-0x000000f80000 : "kernel-SF"
0x000000f80000-0x000000fd0000 : "u-boot-SF"
0x000000fd0000-0x000000fe0000 : "u-boot env. cfg. 1-SF"
0x000000fe0000-0x000000ff0000 : "u-boot env. cfg. 2-SF"
0x000000ff0000-0x000001000000 : "w-load-SF"
1PMNAND_ADDR=0x6 
kmalloc buffer env_ptr = 0xcd0e0000, env_ptr_nand = 0xcd0e0000
MTD dev0 size: 0x00d00000 "filesystem-SF"
MTD dev1 size: 0x00280000 "kernel-SF"
MTD dev2 size: 0x00050000 "u-boot-SF"
MTD dev3 size: 0x00010000 "u-boot env. cfg. 1-SF"
MTD dev4 size: 0x00010000 "u-boot env. cfg. 2-SF"
MTD dev5 size: 0x00010000 "w-load-SF"
MTD Dev3 isn't valid
## Warning: "wmt.io.nand" not defined
nand flash is not ready
Reset err, nand device is not ready
## Warning: "wmt.io.nand" not defined
No NAND device found!!!
page per block not support
PLLB=0xe, spec_clk=0xc002c188
T1=10, clk1=17, div1=6, Thold=1, tREA=192+delay(9)
T2=9, clk2=25, div2=9, Thold2=1, comp=1
Tim1=0 , Tim2=0
T2 is greater and not use
T2=8, clk2=28, div2=10, Thold2=1, comp=1
Tim1=0 , Tim2=0
T2 is greater and not use
T2=7, clk2=31, div2=11, Thold2=1, comp=1
Tim1=0 , Tim2=0
T2 is greater and not use
T2=6, clk2=34, div2=12, Thold2=1, comp=1
Tim1=0 , Tim2=0
T2 is greater and not use
T2=5, clk2=42, div2=15, Thold2=1, comp=1
Tim1=0 , Tim2=0
T2 is greater and not use
T2=4, clk2=51, div2=18, Thold2=1, comp=1
Tim1=0 , Tim2=0
T2 is greater and not use
T2=3, clk2=68, div2=24, Thold2=1, comp=1
Tim1=0 , Tim2=0
T2 is greater and not use
T2=2, clk2=102, div2=36, Thold2=1, comp=1
Tim1=0 , Tim2=0
T2 is greater and not use
T2=1, clk2=202, div2=71, Thold2=1, comp=1
Tim1=0 , Tim2=0
T2 is greater and not use
T=10, clk=17, divisor=6, Thold=0x87878501
divisor PMNAND_ADDR is set 0x6, NFC_timing=0x2424
## Warning: "wmt.io.nand" not defined
No NAND device found nand_base!!!
MTD dev0 size: 00020000 "w-load-NAND"
MTD dev1 size: 00120000 "u-boot env. cfg. 1-NAND"
MTD dev2 size: 00120000 "u-boot-NAND"
MTD dev3 size: 00800000 "kernel-NAND"
MTD dev4 size: 00580000 "initrd-NAND"
MTD dev5 size: 10000000 "filesystem-NAND"
MTD dev6 size: 00200000 "u-boot-logo"
MTD dev0 size: 00020000 "w-load-NAND"
MTD dev1 size: 00120000 "u-boot env. cfg. 1-NAND"
MTD dev2 size: 00120000 "u-boot-NAND"
MTD dev3 size: 00800000 "kernel-NAND"
MTD dev4 size: 00580000 "initrd-NAND"
MTD dev5 size: 10000000 "filesystem-NAND"
MTD dev6 size: 00200000 "u-boot-logo"
MTD dev7 size: 00400000 "kernel-logo"
nand initialised ok
i2c /dev entries driver
## Warning: "wmt.i2c.param" not defined
PORT 0 speed_mode = 0
i2c: adding wmt_i2c_adapter.
i2c: successfully added bus
## Warning: "wmt.i2c.param" not defined
PORT 1 speed_mode = 0
i2c: adding wmt_i2c_adapter1.
i2c: successfully added bus
[wmt_i2c_api_i2c_init]
[wmt_i2c_api_init] wmt_i2c_api_init.
i2c: wmt algorithm module loaded.
## Warning: "wmt.display.direct_path" not defined
vpp_init(boot logo 1)
[VO] vout_init: <1>vo_init_wm8435
[VT1632] DVI ext device (hw mode)
[VOUT] ext dev : DVI
[VOUT] int dev : NO
## Warning: "wmt.display.user_res" not defined
## Warning: "wmt.display.regop" not defined
[VOUT] param 2:0:16:0:0:0
[VOUT] boot parm vo LCD opt 0,16, 0x0@0
## Warning: "wmt.display.param2" not defined
[VOUT] pwm 0:25:50:99
[VOUT] blt 0,scalar 25,period 50,duty 99
[VOUT] tmr 40000:0:10:46:800:20:10:23:480:10
[VOUT] tmr pixclk 40000000,option 0x0,hsync 10,hbp 46,hpixel 800,hfp 20,vsync 10,vbp 23,vpixel 480,vfp 10
[VOUT] boot argument vo1 2,vo2 9
[VO] vo_boot_init: <7>vo_boot_init(0)
vo_init_wm8440 (BOOT 800x480,0)
gefb: framebuffer at 0f800000, mapped to d0000000, using 8192k, total 8192k
Console: switching to colour frame buffer device 100x30
fb0: wmtfb frame buffer device
[VO] vo_boot_config: <7>vo_boot_config
[VO] vo_boot_config: <7>Exit vo_boot_config
fb1: WMT VPU frame buffer device
Enter pwm_init
mknod /dev/wmtgpio c 253 0
uart.0: ttyS0 at MMIO 0xd8200000 (irq = 32) is a wmt serial
WMT Serial driver initialized: ok
brd: module loaded
loop: module loaded
pmem: 1 init
VIA Rhine Family Fast Ethernet Adapter Driver Ver. 5.08
Copyright (c) 2002 VIA Technologies, Inc.
eth0: VIA Rhine III Fast Ethernet Adapter
eth0: MAC=00:40:63:87:27:19 IO=0xd8004000 Mem=0xd8004000  IRQ=10 
Linux video capture interface: v2.00
WonderMedia CMOS camera register OK 
usbcore: registered new interface driver uvcvideo
USB Video Class driver (v0.1.0)
[wmt-vd] prob /dev/wmt-vd major 236, minor 0, prdt ffb1d000/d1a0000, size 100 KB
[wmt-vd] WonderMedia HW decoder driver inited
[wmt-lock] init ok, major=242, minor=1
get wmt.camera.param error !!!
## Warning: "wmt.camera.i2c_gpio" not defined
Can't get wmt.camera.i2c_gpio config in u-boot!!!!
CMOS UBOOT ARG
get the cmos param  setting wmt.camera.i2c_gpio : 0:0:0:0x00000000:0x00000000:0x00000000:0x00000000:0x00000000:0:0:0x00000000:0x00000000:0x00000000:0x00000000:0x00000000
get the cmos gpio setting : 1:0:7:0xd8110040:0xd8110080:0xd81100c0:0:0:0xd8110000:0xd8110000:0xd8110000
get the cmos param  setting : 0:0:1
Dean:spi_probe
spi irq num = 0x18
B:0
A:8
spi_probe: /dev/WMT_SPI major number 153, minor number 0, device number 1
usbmon: debugfs is not available
ehci_hcd: USB 2.0 'Enhanced' Host Controller (EHCI) Driver
PCI: enabling device 0000:00:04.0 (0040 -> 0042)
ehci_hcd 0000:00:04.0: EHCI Host Controller
ehci_hcd 0000:00:04.0: new USB bus registered, assigned bus number 1
ehci_hcd 0000:00:04.0: irq 43, io mem 0xd8007900
ehci_hcd 0000:00:04.0: USB 0.0 started, EHCI 1.00
usb usb1: configuration #1 chosen from 1 choice
hub 1-0:1.0: USB hub found
hub 1-0:1.0: 4 ports detected
uhci_hcd: USB Universal Host Controller Interface driver
PCI: enabling device 0000:00:05.0 (0000 -> 0001)
uhci_hcd 0000:00:05.0: UHCI Host Controller
uhci_hcd 0000:00:05.0: new USB bus registered, assigned bus number 2
uhci_hcd 0000:00:05.0: irq 43, io base 0xd8007b00
usb usb2: configuration #1 chosen from 1 choice
hub 2-0:1.0: USB hub found
hub 2-0:1.0: 2 ports detected
PCI: enabling device 0000:00:06.0 (0000 -> 0001)
uhci_hcd 0000:00:06.0: UHCI Host Controller
uhci_hcd 0000:00:06.0: new USB bus registered, assigned bus number 3
uhci_hcd 0000:00:06.0: irq 43, io base 0xd8008d00
usb usb3: configuration #1 chosen from 1 choice
hub 3-0:1.0: USB hub found
hub 3-0:1.0: 2 ports detected
mice: PS/2 mouse device common for all mice
## Warning: "wmt.io.keypad" not defined
input: keypad as /devices/virtual/input/input0
WMT keypad driver initialized: ok
## Warning: "wmt.io.ts" not defined
VT1603 Touch Panel Driver OK!
rmtctl_init
rmtctl_probe
input: rmtctl as /devices/virtual/input/input1
WonderMedia rmtctl driver v0.98 initialized: ok
wmt_rtc on
wmt-rtc wmt-rtc.0: rtc core: registered wmt-rtc as rtc0
WMT Real Time Clock driver v0.54 initialized: ok
## Warning: "wmt.io.ts" not defined
device-mapper: ioctl: 4.15.0-ioctl (2009-04-01) initialised: dm-devel@redhat.com
cpuidle: using governor ladder
WMT ATSMB (AHB To SD/MMC Bus) controller registered!
Registered led device: lcd-backlight
usbcore: registered new interface driver hiddev
usbcore: registered new interface driver usbhid
usbhid: v2.6:USB HID core driver
Advanced Linux Sound Architecture Driver Version 1.0.21.
No device for DAI wmt-i2s-dai
WMT_SOC: dai_name=i2s, codec_name=vt1603
No device for DAI VT1603
[VPP] set audio(fmt 16,rate 44100,ch 2)
VT1603 Audio Codec 0.10
wmt.audio.i2s = vt1603:f1:f2:ff:ff:80
[hpdetect] invalid. set hp_plugin_level->low
[vt1603] i2c_bus=1
[mic/linein] invalid. set record->mic
playback volume percent[80%]
## Warning: "wmt.vt1603.debug" not defined
## Warning: "wmt.audio.fm34" not defined
asoc: VT1603 <-> wmt-i2s-dai mapping ok
ALSA device list:
  #0: WMT_SOC (VT1603)
TCP cubic registered
NET: Registered protocol family 17
lib80211: common routines for IEEE802.11 drivers
lib80211_crypt: registered algorithm 'NULL'
input: kpadPower as /devices/virtual/input/input2
[wmt_pm_init] battery_used = 3
PMC: WonderMedia Power Management driver
PMC: Power button is configured as soft power
[wmt_pm_init] power_on = 100 resume = 0 power_up = 500
registered taskstats version 1
wmt-rtc wmt-rtc.0: setting system clock to 2013-10-21 23:49:21 UTC (1382399361)
Waiting 1sec before mounting root device...
mmc0: new high speed SDHC card at address e624
mmcblk0: mmc0:e624 SU08G 7.40 GiB 
 mmcblk0: p1 p2
usb 2-2: new low speed USB device using uhci_hcd and address 2
usb 2-2: configuration #1 chosen from 1 choice
input: Darfon USB Optical Mous as /devices/pci0000:00/0000:00:05.0/usb2/2-2/2-2:1.0/input/input3
generic-usb 0003:0D62:A100.0001: input,hidraw0: USB HID v1.10 Mouse [Darfon USB Optical Mous] on usb-0000:00:05.0-2/input0
kjournald starting.  Commit interval 5 seconds
EXT3 FS on mmcblk0p2, internal journal
EXT3-fs: mounted filesystem with writeback data mode.
VFS: Mounted root (ext3 filesystem) on device 179:2.
devtmpfs: mounted
Freeing init memory: 112K
<30>udevd[75]: starting version 185
cmos_i2c_gpio_en 0x00000000 
 EN 0 __GPIO_BASE 0xd8110000 
SCL 0x00000000 0x00000000 0x00000000 0x00000000 0x00000000 0x00000000 0x00000000 
SDA 0x00000000 0x00000000 0x00000000 0x00000000 0x00000000 0x00000000 0x00000000 
cmos_release() 
  bitnum 0x00000080 0xd8110040 0xd8110080 0xd81100c0 
set cmos gpio to high 
EXT3 FS on mmcblk0p2, internal journal
